Fast lacuna stage against the original (labels compared pixel for pixel)

image             t_hi scale  watershed identical  re-merge identical  original s  fast s
----------------  ----------  -------------------  ------------------  ----------  ------
542_WT_2_z06c1-2  0.8         True                 True                452.9       0.32  
542_WT_2_z06c1-2  0.9         True                 True                183.0       0.19  
542_WT_2_z06c1-2  1.0         True                 True                78.5        0.15  
542_WT_2_z06c1-2  1.1         True                 True                41.7        0.12  
542_WT_2_z06c1-2  1.2         True                 True                23.7        0.1   
542_WT_2_z18c1-2  0.8         True                 True                435.0       0.29  
542_WT_2_z18c1-2  0.9         True                 True                167.4       0.18  
542_WT_2_z18c1-2  1.0         True                 True                64.8        0.14  
542_WT_2_z18c1-2  1.1         True                 True                31.5        0.11  
542_WT_2_z18c1-2  1.2         True                 True                17.2        0.12  
543-2             0.8         True                 True                232.9       0.22  
543-2             0.9         True                 True                63.7        0.14  
543-2             1.0         True                 True                21.6        0.11  
543-2             1.1         True                 True                9.8         0.11  
543-2             1.2         True                 True                9.2         0.11  
543_3             0.8         True                 True                283.2       0.25  
543_3             0.9         True                 True                71.4        0.13  
543_3             1.0         True                 True                25.5        0.11  
543_3             1.1         True                 True                11.1        0.1   
543_3             1.2         True                 True                9.0         0.1   
543_z13c1-2       0.8         True                 True                195.5       0.17  
543_z13c1-2       0.9         True                 True                60.3        0.15  
543_z13c1-2       1.0         True                 True                25.1        0.12  
543_z13c1-2       1.1         True                 True                11.1        0.14  
543_z13c1-2       1.2         True                 True                11.2        0.15  
682_z08c1-2       0.8         True                 True                233.9       0.22  
682_z08c1-2       0.9         True                 True                119.3       0.15  
682_z08c1-2       1.0         True                 True                58.5        0.12  
682_z08c1-2       1.1         True                 True                37.4        0.11  
682_z08c1-2       1.2         True                 True                22.6        0.12  
682_z23c-2        0.8         True                 True                341.9       0.21  
682_z23c-2        0.9         True                 True                137.3       0.16  
682_z23c-2        1.0         True                 True                66.2        0.12  
682_z23c-2        1.1         True                 True                39.6        0.12  
682_z23c-2        1.2         True                 True                25.6        0.1   
682_z29c1-3       0.8         True                 True                333.1       0.23  
682_z29c1-3       0.9         True                 True                148.8       0.18  
682_z29c1-3       1.0         True                 True                64.6        0.13  
682_z29c1-3       1.1         True                 True                42.1        0.12  
682_z29c1-3       1.2         True                 True                25.7        0.1   

Total time over 40 runs: original 4233 s, fast 6.0 s (each run in its own process, 8 in parallel).

PASS: fast-check, 40 of 40 identical.
EXIT 0
